
> automatisation-pom@1.0.0 test:e2e:client
> cross-env HEADLESS=true cucumber-js --config cucumber-e2e.js --tags "@client" --name Client cr├®e un compte, admin l'approuve, client compl├¿te son parcours



0 scenarios
0 steps
0m00.001s (executing steps: 0m00.000s)
